// Vitest Snapshot v1, https://vitest.dev/guide/snapshot.html

exports[`CreateDaytisticContent > matches snapshot 1`] = `
"<form>
  <div class="grid gap-4 mb-4 grid-cols-2">
    <div class="col-span-2"><label for="type" class="block mb-2 text-sm font-medium text-dark">What day are we talking about here?</label>
      <div class="relative max-w-sm">
        <div class="absolute inset-y-0 start-0 flex items-center ps-3.5 pointer-events-none w-fit"><svg class="w-4 h-4 text-day-gray-dark" aria-hidden="true" xmlns="http://www.w3.org/2000/svg" fill="currentColor" viewBox="0 0 20 20">
            <path d="M20 4a2 2 0 0 0-2-2h-2V1a1 1 0 0 0-2 0v1h-3V1a1 1 0 0 0-2 0v1H6V1a1 1 0 0 0-2 0v1H2a2 2 0 0 0-2 2v2h20V4ZM0 18a2 2 0 0 0 2 2h16a2 2 0 0 0 2-2V8H0v10Zm5-8h10a1 1 0 0 1 0 2H5a1 1 0 0 1 0-2Z"></path>
          </svg></div>
        <div class="dp__main dp__theme_light w-fit" data-datepicker-instance="">
          <div>
            <!---->
            <div class="dp__input_wrap">
              <!----><input data-test="dp-input" class="dp__pointer dp__input_readonly dp__input dp__input_icon_pad dp__input_reg" inputmode="none" placeholder="" autocomplete="off" aria-label="Datepicker input" value="">
              <div>
                <!----><svg xmlns="http://www.w3.org/2000/svg" viewBox="0 0 32 32" fill="currentColor" aria-hidden="true" class="dp__input_icon dp__input_icons" role="img" aria-label="Calendar icon">
                  <path d="M29.333 8c0-2.208-1.792-4-4-4h-18.667c-2.208 0-4 1.792-4 4v18.667c0 2.208 1.792 4 4 4h18.667c2.208 0 4-1.792 4-4v-18.667zM26.667 8v18.667c0 0.736-0.597 1.333-1.333 1.333 0 0-18.667 0-18.667 0-0.736 0-1.333-0.597-1.333-1.333 0 0 0-18.667 0-18.667 0-0.736 0.597-1.333 1.333-1.333 0 0 18.667 0 18.667 0 0.736 0 1.333 0.597 1.333 1.333z"></path>
                  <path d="M20 2.667v5.333c0 0.736 0.597 1.333 1.333 1.333s1.333-0.597 1.333-1.333v-5.333c0-0.736-0.597-1.333-1.333-1.333s-1.333 0.597-1.333 1.333z"></path>
                  <path d="M9.333 2.667v5.333c0 0.736 0.597 1.333 1.333 1.333s1.333-0.597 1.333-1.333v-5.333c0-0.736-0.597-1.333-1.333-1.333s-1.333 0.597-1.333 1.333z"></path>
                  <path d="M4 14.667h24c0.736 0 1.333-0.597 1.333-1.333s-0.597-1.333-1.333-1.333h-24c-0.736 0-1.333 0.597-1.333 1.333s0.597 1.333 1.333 1.333z"></path>
                </svg>
              </div>
              <!---->
              <!---->
            </div>
          </div>
          <div>
            <transition-stub name="dp-menu-appear-bottom" appear="false" persisted="false" css="true">
              <!---->
            </transition-stub>
          </div>
        </div>
      </div>
    </div>
  </div><button type="submit" class="button"><svg class="me-1 -ms-1 w-5 h-5" fill="currentColor" viewBox="0 0 20 20" xmlns="http://www.w3.org/2000/svg">
      <path fill-rule="evenodd" d="M10 5a1 1 0 011 1v3h3a1 1 0 110 2h-3v3a1 1 0 11-2 0v-3H6a1 1 0 110-2h3V6a1 1 0 011-1z" clip-rule="evenodd"></path>
    </svg><span>Add</span></button>
</form>"
`;

exports[`CreateDaytisticDialog > matches snapshot 1`] = `
"<form>
  <div class="grid gap-4 mb-4 grid-cols-2">
    <div class="col-span-2"><label for="type" class="block mb-2 text-sm font-medium text-dark">What day are we talking about here?</label>
      <div class="relative max-w-sm">
        <div class="absolute inset-y-0 start-0 flex items-center ps-3.5 pointer-events-none w-fit"><svg class="w-4 h-4 text-day-gray-dark" aria-hidden="true" xmlns="http://www.w3.org/2000/svg" fill="currentColor" viewBox="0 0 20 20">
            <path d="M20 4a2 2 0 0 0-2-2h-2V1a1 1 0 0 0-2 0v1h-3V1a1 1 0 0 0-2 0v1H6V1a1 1 0 0 0-2 0v1H2a2 2 0 0 0-2 2v2h20V4ZM0 18a2 2 0 0 0 2 2h16a2 2 0 0 0 2-2V8H0v10Zm5-8h10a1 1 0 0 1 0 2H5a1 1 0 0 1 0-2Z"></path>
          </svg></div>
        <div class="dp__main dp__theme_light w-fit" data-datepicker-instance="">
          <div>
            <!---->
            <div class="dp__input_wrap">
              <!----><input data-test="dp-input" class="dp__pointer dp__input_readonly dp__input dp__input_icon_pad dp__input_reg" inputmode="none" placeholder="" autocomplete="off" aria-label="Datepicker input" value="">
              <div>
                <!----><svg xmlns="http://www.w3.org/2000/svg" viewBox="0 0 32 32" fill="currentColor" aria-hidden="true" class="dp__input_icon dp__input_icons" role="img" aria-label="Calendar icon">
                  <path d="M29.333 8c0-2.208-1.792-4-4-4h-18.667c-2.208 0-4 1.792-4 4v18.667c0 2.208 1.792 4 4 4h18.667c2.208 0 4-1.792 4-4v-18.667zM26.667 8v18.667c0 0.736-0.597 1.333-1.333 1.333 0 0-18.667 0-18.667 0-0.736 0-1.333-0.597-1.333-1.333 0 0 0-18.667 0-18.667 0-0.736 0.597-1.333 1.333-1.333 0 0 18.667 0 18.667 0 0.736 0 1.333 0.597 1.333 1.333z"></path>
                  <path d="M20 2.667v5.333c0 0.736 0.597 1.333 1.333 1.333s1.333-0.597 1.333-1.333v-5.333c0-0.736-0.597-1.333-1.333-1.333s-1.333 0.597-1.333 1.333z"></path>
                  <path d="M9.333 2.667v5.333c0 0.736 0.597 1.333 1.333 1.333s1.333-0.597 1.333-1.333v-5.333c0-0.736-0.597-1.333-1.333-1.333s-1.333 0.597-1.333 1.333z"></path>
                  <path d="M4 14.667h24c0.736 0 1.333-0.597 1.333-1.333s-0.597-1.333-1.333-1.333h-24c-0.736 0-1.333 0.597-1.333 1.333s0.597 1.333 1.333 1.333z"></path>
                </svg>
              </div>
              <!---->
              <!---->
            </div>
          </div>
          <div>
            <transition-stub name="dp-menu-appear-bottom" appear="false" persisted="false" css="true">
              <!---->
            </transition-stub>
          </div>
        </div>
      </div>
    </div>
  </div><button type="submit" class="button"><svg class="me-1 -ms-1 w-5 h-5" fill="currentColor" viewBox="0 0 20 20" xmlns="http://www.w3.org/2000/svg">
      <path fill-rule="evenodd" d="M10 5a1 1 0 011 1v3h3a1 1 0 110 2h-3v3a1 1 0 11-2 0v-3H6a1 1 0 110-2h3V6a1 1 0 011-1z" clip-rule="evenodd"></path>
    </svg><span>Add</span></button>
</form>"
`;
