// Vitest Snapshot v1, https://vitest.dev/guide/snapshot.html

exports[`DaytisticsList > matches snapshot 1`] = `
"<!-- Dialog to create a new Daytistic - the span is used for testing purposes -->
<span aria-hidden="true" data-dialog-open-test="false"></span>
<!--teleport start-->
<!--teleport end-->
<div hidden="" style="position: fixed; height: 0px; padding: 0px; overflow: hidden; clip: rect(0, 0, 0, 0); white-space: nowrap; border-width: 0px; display: none;"></div>
<!-- Actual list -->
<div class="bg-white shadow overflow-hidden sm:rounded-lg">
  <div class="px-4 py-5 sm:px-6 flex flex-row gap-3 justify-between items-center">
    <h3 class="text-lg leading-6 font-medium text-gray-900">Your Daytistics</h3><button class="text-secondary hover:text-tertiary flex items-center transition duration-150 ease-in-out"><svg xmlns="http://www.w3.org/2000/svg" width="24" height="24" viewBox="0 0 24 24" fill="none" stroke="currentColor" stroke-width="2" stroke-linecap="round" stroke-linejoin="round" class="lucide lucide-plus-icon w-6 md:w-5 h-auto md:mr-1">
        <path d="M5 12h14"></path>
        <path d="M12 5v14"></path>
      </svg><span class="text-sm font-medium hidden md:block">Add New</span></button>
  </div>
  <div class="border-t border-gray-200">
    <div class="px-4 py-5 sm:p-6">
      <ul class="divide-y divide-day-gray-medium">
        <li class="py-4 cursor-pointer hover:bg-day-gray-light"><a href="/dashboard/daytistics/1">
            <div class="flex items-center space-x-4 px-3"><svg xmlns="http://www.w3.org/2000/svg" width="24" height="24" viewBox="0 0 24 24" fill="none" stroke="currentColor" stroke-width="2" stroke-linecap="round" stroke-linejoin="round" class="lucide lucide-calendar-icon h-6 w-6 text-day-gray-dark">
                <path d="M8 2v4"></path>
                <path d="M16 2v4"></path>
                <rect width="18" height="18" x="3" y="4" rx="2"></rect>
                <path d="M3 10h18"></path>
              </svg>
              <div class="flex-1 min-w-0">
                <p class="text-sm font-medium text-dark truncate">1/2/1970</p>
                <p class="text-sm text-day-gray-dark truncate">3 Activities / 3h 0m</p>
              </div>
            </div>
          </a></li>
        <li class="py-4 cursor-pointer hover:bg-day-gray-light"><a href="/dashboard/daytistics/2">
            <div class="flex items-center space-x-4 px-3"><svg xmlns="http://www.w3.org/2000/svg" width="24" height="24" viewBox="0 0 24 24" fill="none" stroke="currentColor" stroke-width="2" stroke-linecap="round" stroke-linejoin="round" class="lucide lucide-calendar-icon h-6 w-6 text-day-gray-dark">
                <path d="M8 2v4"></path>
                <path d="M16 2v4"></path>
                <rect width="18" height="18" x="3" y="4" rx="2"></rect>
                <path d="M3 10h18"></path>
              </svg>
              <div class="flex-1 min-w-0">
                <p class="text-sm font-medium text-dark truncate">1/3/1970</p>
                <p class="text-sm text-day-gray-dark truncate">3 Activities / 3h 0m</p>
              </div>
            </div>
          </a></li>
        <li class="py-4 cursor-pointer hover:bg-day-gray-light"><a href="/dashboard/daytistics/3">
            <div class="flex items-center space-x-4 px-3"><svg xmlns="http://www.w3.org/2000/svg" width="24" height="24" viewBox="0 0 24 24" fill="none" stroke="currentColor" stroke-width="2" stroke-linecap="round" stroke-linejoin="round" class="lucide lucide-calendar-icon h-6 w-6 text-day-gray-dark">
                <path d="M8 2v4"></path>
                <path d="M16 2v4"></path>
                <rect width="18" height="18" x="3" y="4" rx="2"></rect>
                <path d="M3 10h18"></path>
              </svg>
              <div class="flex-1 min-w-0">
                <p class="text-sm font-medium text-dark truncate">1/4/1970</p>
                <p class="text-sm text-day-gray-dark truncate">3 Activities / 3h 0m</p>
              </div>
            </div>
          </a></li>
        <li class="py-4 cursor-pointer hover:bg-day-gray-light"><a href="/dashboard/daytistics/4">
            <div class="flex items-center space-x-4 px-3"><svg xmlns="http://www.w3.org/2000/svg" width="24" height="24" viewBox="0 0 24 24" fill="none" stroke="currentColor" stroke-width="2" stroke-linecap="round" stroke-linejoin="round" class="lucide lucide-calendar-icon h-6 w-6 text-day-gray-dark">
                <path d="M8 2v4"></path>
                <path d="M16 2v4"></path>
                <rect width="18" height="18" x="3" y="4" rx="2"></rect>
                <path d="M3 10h18"></path>
              </svg>
              <div class="flex-1 min-w-0">
                <p class="text-sm font-medium text-dark truncate">1/5/1970</p>
                <p class="text-sm text-day-gray-dark truncate">3 Activities / 3h 0m</p>
              </div>
            </div>
          </a></li>
        <li class="py-4 cursor-pointer hover:bg-day-gray-light"><a href="/dashboard/daytistics/5">
            <div class="flex items-center space-x-4 px-3"><svg xmlns="http://www.w3.org/2000/svg" width="24" height="24" viewBox="0 0 24 24" fill="none" stroke="currentColor" stroke-width="2" stroke-linecap="round" stroke-linejoin="round" class="lucide lucide-calendar-icon h-6 w-6 text-day-gray-dark">
                <path d="M8 2v4"></path>
                <path d="M16 2v4"></path>
                <rect width="18" height="18" x="3" y="4" rx="2"></rect>
                <path d="M3 10h18"></path>
              </svg>
              <div class="flex-1 min-w-0">
                <p class="text-sm font-medium text-dark truncate">1/6/1970</p>
                <p class="text-sm text-day-gray-dark truncate">3 Activities / 3h 0m</p>
              </div>
            </div>
          </a></li>
        <li class="py-4 cursor-pointer hover:bg-day-gray-light"><a href="/dashboard/daytistics/6">
            <div class="flex items-center space-x-4 px-3"><svg xmlns="http://www.w3.org/2000/svg" width="24" height="24" viewBox="0 0 24 24" fill="none" stroke="currentColor" stroke-width="2" stroke-linecap="round" stroke-linejoin="round" class="lucide lucide-calendar-icon h-6 w-6 text-day-gray-dark">
                <path d="M8 2v4"></path>
                <path d="M16 2v4"></path>
                <rect width="18" height="18" x="3" y="4" rx="2"></rect>
                <path d="M3 10h18"></path>
              </svg>
              <div class="flex-1 min-w-0">
                <p class="text-sm font-medium text-dark truncate">1/7/1970</p>
                <p class="text-sm text-day-gray-dark truncate">3 Activities / 3h 0m</p>
              </div>
            </div>
          </a></li>
        <li class="py-4 cursor-pointer hover:bg-day-gray-light"><a href="/dashboard/daytistics/7">
            <div class="flex items-center space-x-4 px-3"><svg xmlns="http://www.w3.org/2000/svg" width="24" height="24" viewBox="0 0 24 24" fill="none" stroke="currentColor" stroke-width="2" stroke-linecap="round" stroke-linejoin="round" class="lucide lucide-calendar-icon h-6 w-6 text-day-gray-dark">
                <path d="M8 2v4"></path>
                <path d="M16 2v4"></path>
                <rect width="18" height="18" x="3" y="4" rx="2"></rect>
                <path d="M3 10h18"></path>
              </svg>
              <div class="flex-1 min-w-0">
                <p class="text-sm font-medium text-dark truncate">1/8/1970</p>
                <p class="text-sm text-day-gray-dark truncate">3 Activities / 3h 0m</p>
              </div>
            </div>
          </a></li>
        <li class="py-4 cursor-pointer hover:bg-day-gray-light"><a href="/dashboard/daytistics/8">
            <div class="flex items-center space-x-4 px-3"><svg xmlns="http://www.w3.org/2000/svg" width="24" height="24" viewBox="0 0 24 24" fill="none" stroke="currentColor" stroke-width="2" stroke-linecap="round" stroke-linejoin="round" class="lucide lucide-calendar-icon h-6 w-6 text-day-gray-dark">
                <path d="M8 2v4"></path>
                <path d="M16 2v4"></path>
                <rect width="18" height="18" x="3" y="4" rx="2"></rect>
                <path d="M3 10h18"></path>
              </svg>
              <div class="flex-1 min-w-0">
                <p class="text-sm font-medium text-dark truncate">1/9/1970</p>
                <p class="text-sm text-day-gray-dark truncate">3 Activities / 3h 0m</p>
              </div>
            </div>
          </a></li>
        <li class="py-4 cursor-pointer hover:bg-day-gray-light"><a href="/dashboard/daytistics/9">
            <div class="flex items-center space-x-4 px-3"><svg xmlns="http://www.w3.org/2000/svg" width="24" height="24" viewBox="0 0 24 24" fill="none" stroke="currentColor" stroke-width="2" stroke-linecap="round" stroke-linejoin="round" class="lucide lucide-calendar-icon h-6 w-6 text-day-gray-dark">
                <path d="M8 2v4"></path>
                <path d="M16 2v4"></path>
                <rect width="18" height="18" x="3" y="4" rx="2"></rect>
                <path d="M3 10h18"></path>
              </svg>
              <div class="flex-1 min-w-0">
                <p class="text-sm font-medium text-dark truncate">1/10/1970</p>
                <p class="text-sm text-day-gray-dark truncate">3 Activities / 3h 0m</p>
              </div>
            </div>
          </a></li>
        <div class="flex justify-center"><span class="text-md text-center" style="display: none;"> We couldn't find any Daytistics for you. Why not <button type="button" class="text-secondary"> create </button> one? </span></div>
      </ul>
      <div class="mt-4 flex items-center justify-between"><button disabled="" class="relative inline-flex items-center px-4 py-2 border border-gray-300 text-sm font-medium rounded-md text-gray-700 bg-white hover:bg-gray-50"><span class="hidden md:block">Previous</span><svg xmlns="http://www.w3.org/2000/svg" width="24" height="24" viewBox="0 0 24 24" fill="none" stroke="currentColor" stroke-width="2" stroke-linecap="round" stroke-linejoin="round" class="lucide lucide-chevron-left-icon md:hidden">
            <path d="m15 18-6-6 6-6"></path>
          </svg></button><span class="text-sm text-gray-700"><span class="hidden md:inline-block">Page</span> 1 of 2</span><button class="relative inline-flex items-center px-4 py-2 border border-gray-300 text-sm font-medium rounded-md text-gray-700 bg-white hover:bg-gray-50"><span class="hidden md:block">Next</span><svg xmlns="http://www.w3.org/2000/svg" width="24" height="24" viewBox="0 0 24 24" fill="none" stroke="currentColor" stroke-width="2" stroke-linecap="round" stroke-linejoin="round" class="lucide lucide-chevron-right-icon md:hidden">
            <path d="m9 18 6-6-6-6"></path>
          </svg></button></div>
    </div>
  </div>
</div>"
`;
