// Vitest Snapshot v1, https://vitest.dev/guide/snapshot.html

exports[`DaytisticsList > should render the component 1`] = `
"<div class="bg-white shadow overflow-hidden sm:rounded-lg">
  <div class="px-4 py-5 sm:px-6 flex flex-row gap-3">
    <h3 class="text-lg leading-6 font-medium text-gray-900"> Your Daytistics </h3><button data-modal-target="add-daytistic-modal" data-modal-show="add-daytistic-modal" class="text-secondary hover:text-secondary-dark flex items-center transition duration-150 ease-in-out"><svg xmlns="http://www.w3.org/2000/svg" width="24" height="24" viewBox="0 0 24 24" fill="none" stroke="currentColor" stroke-width="2" stroke-linecap="round" stroke-linejoin="round" class="lucide lucide-plus-icon w-5 h-5 mr-1">
        <path d="M5 12h14"></path>
        <path d="M12 5v14"></path>
      </svg><span class="text-sm font-medium">Add New</span></button>
  </div>
  <div class="border-t border-gray-200">
    <div class="px-4 py-5 sm:p-6">
      <div class="flex items-center justify-between mb-4"><input type="text" placeholder="Search date..." class="shadow-sm focus:ring-indigo-500 focus:border-indigo-500 block w-full sm:text-sm border-gray-300 rounded-md"><button class="ml-3 inline-flex items-center px-4 py-2 border border-transparent text-sm font-medium rounded-md text-white bg-secondary hover:bg-secondary-dark"> Search </button></div>
      <ul class="divide-y divide-gray-200">
        <div class="flex justify-center"><span class="text-lg" style="display: none;"> We couldn't find any daytistics for you. Why not <button data-modal-target="add-daytistic-modal" data-modal-show="add-daytistic-modal" type="button" class="text-secondary"> create </button> one? </span></div>
      </ul>
      <div class="mt-4 flex items-center justify-between"><button disabled="" class="relative inline-flex items-center px-4 py-2 border border-gray-300 text-sm font-medium rounded-md text-gray-700 bg-white hover:bg-gray-50"> Previous </button><span class="text-sm text-gray-700"> Page 1 of 1</span><button disabled="" class="relative inline-flex items-center px-4 py-2 border border-gray-300 text-sm font-medium rounded-md text-gray-700 bg-white hover:bg-gray-50"> Next </button></div>
    </div>
  </div>
</div>"
`;
